Component: ARM Compiler 5.05 update 1 (build 106) Tool: armlink [4d0efa]

==============================================================================

Section Cross References

    main.o(.text) refers to os_core.o(.text) for OSInit
    main.o(.text) refers to cpu_a.o(.text) for CPU_SR_Save
    main.o(.text) refers to pci.o(.text) for BSP_Init
    main.o(.text) refers to app.o(.text) for create_star_task
    main.o(.text) refers to os_var.o(.data) for OSSchedLockNestingCtr
    stm32f4xx_it.o(.text) refers to os_core.o(.text) for OSIntEnter
    stm32f4xx_it.o(.text) refers to stm32f4xx_exti.o(.text) for EXTI_GetFlagStatus
    stm32f4xx_it.o(.text) refers to stm32f4xx_gpio.o(.text) for GPIO_ReadInputDataBit
    stm32f4xx_it.o(.text) refers to can.o(.text) for Send_underpan
    stm32f4xx_it.o(.text) refers to stm32f4xx_tim.o(.text) for TIM_GetFlagStatus
    stm32f4xx_it.o(.text) refers to throw_task.o(.text) for throw_stop
    stm32f4xx_it.o(.text) refers to iwdg_task.o(.text) for IWDG_Feed
    stm32f4xx_it.o(.text) refers to motor_control.o(.text) for Motor_SetSpeed
    stm32f4xx_it.o(.text) refers to stm32f4xx_usart.o(.text) for USART_GetITStatus
    stm32f4xx_it.o(.text) refers to stm32f4xx_it.o(.data) for Photoelectric_flag
    stm32f4xx_it.o(.text) refers to command_task.o(.data) for calibration_speed
    stm32f4xx_it.o(.text) refers to throw_task.o(.data) for place
    stm32f4xx_it.o(.text) refers to throw_task.o(.bss) for TZ1
    stm32f4xx_it.o(.text) refers to motor_driver_task.o(.bss) for UNDER1_MLCB
    stm32f4xx_it.o(.text) refers to os_sem.o(.text) for OSSemPost
    stm32f4xx_it.o(.text) refers to stm32f4xx_can.o(.text) for CAN_GetITStatus
    stm32f4xx_it.o(.text) refers to hand_task.o(.data) for UART_CH
    stm32f4xx_it.o(.text) refers to hand_task.o(.bss) for Handle_Sem
    stm32f4xx_it.o(.text) refers to stm32f4xx_it.o(.bss) for printf_speed
    system_stm32f4xx.o(.text) refers to system_stm32f4xx.o(.data) for SystemCoreClock
    startup_stm32f40_41xxx.o(STACK) refers (Special) to heapauxi.o(.text) for __use_two_region_memory
    startup_stm32f40_41xxx.o(HEAP) refers (Special) to heapauxi.o(.text) for __use_two_region_memory
    startup_stm32f40_41xxx.o(RESET) refers (Special) to heapauxi.o(.text) for __use_two_region_memory
    startup_stm32f40_41xxx.o(RESET) refers to startup_stm32f40_41xxx.o(STACK) for __initial_sp
    startup_stm32f40_41xxx.o(RESET) refers to startup_stm32f40_41xxx.o(.text) for Reset_Handler
    startup_stm32f40_41xxx.o(RESET) refers to stm32f4xx_it.o(.text) for NMI_Handler
    startup_stm32f40_41xxx.o(RESET) refers to os_cpu_a.o(CODE) for PendSV_Handler
    startup_stm32f40_41xxx.o(RESET) refers to delay.o(.text) for SysTick_Handler
    startup_stm32f40_41xxx.o(.text) refers (Special) to heapauxi.o(.text) for __use_two_region_memory
    startup_stm32f40_41xxx.o(.text) refers to system_stm32f4xx.o(.text) for SystemInit
    startup_stm32f40_41xxx.o(.text) refers to __main.o(!!!main) for __main
    startup_stm32f40_41xxx.o(.text) refers to startup_stm32f40_41xxx.o(HEAP) for Heap_Mem
    startup_stm32f40_41xxx.o(.text) refers to startup_stm32f40_41xxx.o(STACK) for Stack_Mem
    stm32f4xx_gpio.o(.text) refers to stm32f4xx_rcc.o(.text) for RCC_AHB1PeriphResetCmd
    stm32f4xx_rcc.o(.text) refers to stm32f4xx_rcc.o(.data) for APBAHBPrescTable
    stm32f4xx_syscfg.o(.text) refers to stm32f4xx_rcc.o(.text) for RCC_APB2PeriphResetCmd
    stm32f4xx_usart.o(.text) refers to stm32f4xx_rcc.o(.text) for RCC_APB2PeriphResetCmd
    stm32f4xx_adc.o(.text) refers to stm32f4xx_rcc.o(.text) for RCC_APB2PeriphResetCmd
    stm32f4xx_can.o(.text) refers to stm32f4xx_rcc.o(.text) for RCC_APB1PeriphResetCmd
    stm32f4xx_cryp.o(.text) refers to stm32f4xx_rcc.o(.text) for RCC_AHB2PeriphResetCmd
    stm32f4xx_cryp_aes.o(.text) refers to stm32f4xx_cryp.o(.text) for CRYP_KeyStructInit
    stm32f4xx_cryp_des.o(.text) refers to stm32f4xx_cryp.o(.text) for CRYP_KeyStructInit
    stm32f4xx_cryp_tdes.o(.text) refers to stm32f4xx_cryp.o(.text) for CRYP_KeyStructInit
    stm32f4xx_dac.o(.text) refers to stm32f4xx_rcc.o(.text) for RCC_APB1PeriphResetCmd
    stm32f4xx_dma2d.o(.text) refers to stm32f4xx_rcc.o(.text) for RCC_AHB1PeriphResetCmd
    stm32f4xx_fsmc.o(.text) refers to stm32f4xx_fsmc.o(.constdata) for FSMC_DefaultTimingStruct
    stm32f4xx_hash.o(.text) refers to stm32f4xx_rcc.o(.text) for RCC_AHB2PeriphResetCmd
    stm32f4xx_hash_md5.o(.text) refers to stm32f4xx_hash.o(.text) for HASH_DeInit
    stm32f4xx_hash_sha1.o(.text) refers to stm32f4xx_hash.o(.text) for HASH_DeInit
    stm32f4xx_i2c.o(.text) refers to stm32f4xx_rcc.o(.text) for RCC_APB1PeriphResetCmd
    stm32f4xx_ltdc.o(.text) refers to stm32f4xx_rcc.o(.text) for RCC_APB2PeriphResetCmd
    stm32f4xx_pwr.o(.text) refers to stm32f4xx_rcc.o(.text) for RCC_APB1PeriphResetCmd
    stm32f4xx_rng.o(.text) refers to stm32f4xx_rcc.o(.text) for RCC_AHB2PeriphResetCmd
[...]
    OSTmrRemainGet                           0x0800c2f7   Thumb Code   184  os_tmr.o(.text)
    OS_TmrLink                               0x0800c3af   Thumb Code   196  os_tmr.o(.text)
    OSTmrStart                               0x0800c473   Thumb Code   210  os_tmr.o(.text)
    OSTmrStateGet                            0x0800c545   Thumb Code   134  os_tmr.o(.text)
    OSTmrStop                                0x0800c5cb   Thumb Code   232  os_tmr.o(.text)
    OS_TmrTask                               0x0800c6b3   Thumb Code   176  os_tmr.o(.text)
    OS_TmrInit                               0x0800c763   Thumb Code   208  os_tmr.o(.text)
    OS_TmrResetPeak                          0x0800c833   Thumb Code    28  os_tmr.o(.text)
    OSIdleTaskHook                           0x0800c8ad   Thumb Code    16  os_cpu_c.o(.text)
    OSInitHook                               0x0800c8bd   Thumb Code    28  os_cpu_c.o(.text)
    OSStatTaskHook                           0x0800c8d9   Thumb Code    16  os_cpu_c.o(.text)
    OSTaskCreateHook                         0x0800c8e9   Thumb Code    20  os_cpu_c.o(.text)
    OSTaskDelHook                            0x0800c8fd   Thumb Code    20  os_cpu_c.o(.text)
    OSTaskReturnHook                         0x0800c911   Thumb Code    20  os_cpu_c.o(.text)
    OSTaskStkInit                            0x0800c925   Thumb Code   600  os_cpu_c.o(.text)
    OSTaskSwHook                             0x0800cb7d   Thumb Code   120  os_cpu_c.o(.text)
    OSTimeTickHook                           0x0800cbf5   Thumb Code    16  os_cpu_c.o(.text)
    OS_CPU_SysTickHandler                    0x0800cc05   Thumb Code    52  os_cpu_c.o(.text)
    OS_CPU_SysTickInit                       0x0800cc39   Thumb Code    44  os_cpu_c.o(.text)
    LCD_GPIO_Config                          0x0800cca5   Thumb Code    22  rbc_lcd.o(.text)
    Send_data                                0x0800ccbb   Thumb Code    92  rbc_lcd.o(.text)
    Send_Command                             0x0800cd17   Thumb Code    92  rbc_lcd.o(.text)
    LCD_set_XY                               0x0800cd73   Thumb Code    44  rbc_lcd.o(.text)
    Clear_LCD                                0x0800cd9f   Thumb Code    42  rbc_lcd.o(.text)
    ROC_LCD_Init                             0x0800cdc9   Thumb Code    98  rbc_lcd.o(.text)
    LCD_write_char                           0x0800ce2b   Thumb Code    44  rbc_lcd.o(.text)
    LCD_Write_string                         0x0800ce57   Thumb Code    34  rbc_lcd.o(.text)
    int2str                                  0x0800ce79   Thumb Code    86  rbc_lcd.o(.text)
    LCD_Display_int                          0x0800cecf   Thumb Code    44  rbc_lcd.o(.text)
    float2str                                0x0800cefb   Thumb Code   140  rbc_lcd.o(.text)
    LCD_Display_float                        0x0800cf87   Thumb Code    56  rbc_lcd.o(.text)
    Servo_Set_Function                       0x0800cfd5   Thumb Code   176  motor_control.o(.text)
    Servo_Param_Set                          0x0800d085   Thumb Code    78  motor_control.o(.text)
    Create_MLServo_CB                        0x0800d0d3   Thumb Code    20  motor_control.o(.text)
    MLServo_Write                            0x0800d0e7   Thumb Code   140  motor_control.o(.text)
    Motor_MastSpeed                          0x0800d173   Thumb Code   116  motor_control.o(.text)
    Motor_MinSpeed                           0x0800d1e7   Thumb Code    86  motor_control.o(.text)
    Motor_SetSpeed                           0x0800d23d   Thumb Code    86  motor_control.o(.text)
    Motor_AccelSpeed                         0x0800d293   Thumb Code   116  motor_control.o(.text)
    Motor_AbsolutePlace                      0x0800d307   Thumb Code   100  motor_control.o(.text)
    Motor_ToAbsolutePlace                    0x0800d36b   Thumb Code   100  motor_control.o(.text)
    Motor_ToRelativePlace                    0x0800d3cf   Thumb Code    90  motor_control.o(.text)
    Motor_P_SET                              0x0800d429   Thumb Code    82  motor_control.o(.text)
    Motor_Code_Set                           0x0800d47b   Thumb Code    84  motor_control.o(.text)
    Motor_Speed_Mode                         0x0800d4cf   Thumb Code    82  motor_control.o(.text)
    Motor_Position_Mode                      0x0800d521   Thumb Code    84  motor_control.o(.text)
    Motor_PeakCurrent_Set                    0x0800d575   Thumb Code    82  motor_control.o(.text)
    Motor_ContinuousCurrent_Set              0x0800d5c7   Thumb Code    82  motor_control.o(.text)
    Motor_AbsolutePosition_Set               0x0800d619   Thumb Code    82  motor_control.o(.text)
    Motor_RelativePosition_Set               0x0800d66b   Thumb Code    82  motor_control.o(.text)
    Motor_SBS                                0x0800d6bd   Thumb Code    78  motor_control.o(.text)
    Motor_CBS                                0x0800d70b   Thumb Code    78  motor_control.o(.text)
    Motor_Save_Param                         0x0800d759   Thumb Code    84  motor_control.o(.text)
    myfifo_init                              0x0800d7ad   Thumb Code    12  mylib.o(.text)
    myfifo_flush                             0x0800d7b9   Thumb Code   146  mylib.o(.text)
    myfifo_put                               0x0800d84b   Thumb Code   166  mylib.o(.text)
    myfifo_get                               0x0800d8f1   Thumb Code   186  mylib.o(.text)
    myfifo_isempty                           0x0800d9ab   Thumb Code    16  mylib.o(.text)
    myfifo2d_init                            0x0800d9bb   Thumb Code    60  mylib.o(.text)
    myfifo2d_flush                           0x0800d9f7   Thumb Code   170  mylib.o(.text)
    myfifo2d_put                             0x0800daa1   Thumb Code   206  mylib.o(.text)
    myfifo2d_get                             0x0800db6f   Thumb Code   282  mylib.o(.text)
    myfifo2d_isempty                         0x0800dc89   Thumb Code    16  mylib.o(.text)
    mylib_getbitId                           0x0800dc99   Thumb Code    40  mylib.o(.text)
    ABS_int                                  0x0800dcc9   Thumb Code    14  function.o(.text)
    ABS_float                                0x0800dcd7   Thumb Code    52  function.o(.text)
    CAN_Config                               0x0800dd15   Thumb Code   350  can.o(.text)
    CAN_Send_Msg                             0x0800de73   Thumb Code   150  can.o(.text)
    Send_underpan                            0x0800df09   Thumb Code   126  can.o(.text)
    CAN_Receive_Msg                          0x0800df87   Thumb Code    34  can.o(.text)
    GPIO_Config                              0x0800dfb1   Thumb Code    66  gpio.o(.text)
    IWDG_Init                                0x0800dff3   Thumb Code    36  iwdg.o(.text)
    NVIC_Config                              0x0800e017   Thumb Code    34  nvic.o(.text)
    TIM_Timing_Config                        0x0800e039   Thumb Code   302  time.o(.text)
    TIM_Capture_Config                       0x0800e167   Thumb Code   108  time.o(.text)
    TIM_PWM_Config                           0x0800e1d3   Thumb Code   156  time.o(.text)
    TIM_ENCODER_Config                       0x0800e26f   Thumb Code   270  time.o(.text)
    Usart_Config                             0x0800e385   Thumb Code   196  usart.o(.text)
    A_Usart_Config                           0x0800e449   Thumb Code   144  usart.o(.text)
    printf_uart_init                         0x0800e4d9   Thumb Code   174  usart.o(.text)
    KEY_Init                                 0x0800e5a5   Thumb Code    84  pci.o(.text)
    Key_Scan                                 0x0800e5f9   Thumb Code    76  pci.o(.text)
    BEED_Init                                0x0800e645   Thumb Code    28  pci.o(.text)
    LED_Init                                 0x0800e661   Thumb Code   102  pci.o(.text)
    Encoder_Init                             0x0800e6c7   Thumb Code   152  pci.o(.text)
    TIM4_Init                                0x0800e75f   Thumb Code    34  pci.o(.text)
    TIM9_Init                                0x0800e781   Thumb Code    34  pci.o(.text)
    TIM5_Init                                0x0800e7a3   Thumb Code    34  pci.o(.text)
    TIM7_Init                                0x0800e7c5   Thumb Code    36  pci.o(.text)
    RELAVY_Init                              0x0800e7e9   Thumb Code   196  pci.o(.text)
    Model_Aircraft_Init                      0x0800e8ad   Thumb Code   142  pci.o(.text)
    SERVO_Init                               0x0800e93b   Thumb Code   202  pci.o(.text)
    DI_Init                                  0x0800ea05   Thumb Code   278  pci.o(.text)
    Mode_Init                                0x0800eb1b   Thumb Code   156  pci.o(.text)
    BSP_Init                                 0x0800ebb7   Thumb Code   110  pci.o(.text)
    Exti_config                              0x0800ec89   Thumb Code    86  exti.o(.text)
    star_task                                0x0800ece9   Thumb Code   306  app.o(.text)
    create_star_task                         0x0800ee1b   Thumb Code    56  app.o(.text)
    IWDG_Feed                                0x0800ee75   Thumb Code     8  iwdg_task.o(.text)
    create_IWDG_task                         0x0800ee8b   Thumb Code    54  iwdg_task.o(.text)
    motor_move_1                             0x0800eedd   Thumb Code    22  motor_driver_task.o(.text)
    motor_move_2                             0x0800eef3   Thumb Code    22  motor_driver_task.o(.text)
    motor_move_3                             0x0800ef09   Thumb Code    22  motor_driver_task.o(.text)
    motor_move_4                             0x0800ef1f   Thumb Code    22  motor_driver_task.o(.text)
    motor_move_setvmmps                      0x0800ef35   Thumb Code   150  motor_driver_task.o(.text)
    motor_move_stop                          0x0800efcb   Thumb Code    28  motor_driver_task.o(.text)
    motor_all_Init                           0x0800efe7   Thumb Code    58  motor_driver_task.o(.text)
    create_motor_driver_task                 0x0800f095   Thumb Code    56  motor_driver_task.o(.text)
    create_hand_task                         0x0800f867   Thumb Code    56  hand_task.o(.text)
    fputc                                    0x0800f8f9   Thumb Code    22  printf_task.o(.text)
    fgetc                                    0x0800f90f   Thumb Code    28  printf_task.o(.text)
    asy_printf                               0x0800f92b   Thumb Code   106  printf_task.o(.text)
    put_char                                 0x0800f995   Thumb Code    22  printf_task.o(.text)
    retarget_init                            0x0800fa01   Thumb Code    74  printf_task.o(.text)
    create_command_task                      0x0800fcb7   Thumb Code    54  command_task.o(.text)
    create_connect_task                      0x0800fd6d   Thumb Code    54  connect_task.o(.text)
    create_display_task                      0x080103bf   Thumb Code    54  display.o(.text)
    throw_init                               0x08010439   Thumb Code   176  throw_task.o(.text)
    throw_ball                               0x080104e9   Thumb Code   888  throw_task.o(.text)
    throw_stop                               0x08010861   Thumb Code  1542  throw_task.o(.text)
    throw_stop1                              0x08010e67   Thumb Code   212  throw_task.o(.text)
    throw_adjust                             0x08010f3b   Thumb Code   178  throw_task.o(.text)
    throw_AbsolutePosition                   0x08010fed   Thumb Code    78  throw_task.o(.text)
    create_throw_task                        0x080111c1   Thumb Code    54  throw_task.o(.text)
    create_key_task                          0x08011341   Thumb Code    54  key.o(.text)
    __aeabi_uldivmod                         0x080113b1   Thumb Code     0  lludivv7m.o(.text)
    _ll_udiv                                 0x080113b1   Thumb Code   238  lludivv7m.o(.text)
    vsprintf                                 0x080114a1   Thumb Code    32  vsprintf.o(.text)
    strlen                                   0x080114c5   Thumb Code    62  strlen.o(.text)
    __aeabi_memcpy                           0x08011503   Thumb Code     0  rt_memcpy_v6.o(.text)
    __rt_memcpy                              0x08011503   Thumb Code   138  rt_memcpy_v6.o(.text)
    _memcpy_lastbytes                        0x08011569   Thumb Code     0  rt_memcpy_v6.o(.text)
    __aeabi_memclr                           0x0801158d   Thumb Code     0  rt_memclr.o(.text)
    __rt_memclr                              0x0801158d   Thumb Code    68  rt_memclr.o(.text)
    _memset                                  0x08011591   Thumb Code     0  rt_memclr.o(.text)
    __use_two_region_memory                  0x080115d1   Thumb Code     2  heapauxi.o(.text)
    __rt_heap_escrow$2region                 0x080115d3   Thumb Code     2  heapauxi.o(.text)
    __rt_heap_expand$2region                 0x080115d5   Thumb Code     2  heapauxi.o(.text)
    __read_errno                             0x080115d7   Thumb Code    10  _rserrno.o(.text)
    __set_errno                              0x080115e1   Thumb Code    12  _rserrno.o(.text)
    _printf_pre_padding                      0x080115ed   Thumb Code    44  _printf_pad.o(.text)
    _printf_post_padding                     0x08011619   Thumb Code    34  _printf_pad.o(.text)
    _printf_truncate_signed                  0x0801163b   Thumb Code    18  _printf_truncate.o(.text)
    _printf_truncate_unsigned                0x0801164d   Thumb Code    18  _printf_truncate.o(.text)
    _printf_str                              0x0801165f   Thumb Code    82  _printf_str.o(.text)
    _printf_int_dec                          0x080116b1   Thumb Code   104  _printf_dec.o(.text)
    _printf_charcount                        0x08011729   Thumb Code    40  _printf_charcount.o(.text)
    _printf_char_common                      0x0801175b   Thumb Code    32  _printf_char_common.o(.text)
    _sputc                                   0x08011781   Thumb Code    10  _sputc.o(.text)
    _printf_wctomb                           0x0801178d   Thumb Code   182  _printf_wctomb.o(.text)
    _printf_longlong_dec                     0x08011849   Thumb Code   108  _printf_longlong_dec.o(.text)
    _printf_longlong_oct                     0x080118c5   Thumb Code    68  _printf_oct_int_ll.o(.text)
    _printf_int_oct                          0x08011909   Thumb Code    24  _printf_oct_int_ll.o(.text)
    _printf_ll_oct                           0x08011921   Thumb Code    12  _printf_oct_int_ll.o(.text)
    _printf_longlong_hex                     0x08011935   Thumb Code    86  _printf_hex_int_ll_ptr.o(.text)
    _printf_int_hex                          0x0801198b   Thumb Code    28  _printf_hex_int_ll_ptr.o(.text)
    _printf_ll_hex                           0x080119a7   Thumb Code    12  _printf_hex_int_ll_ptr.o(.text)
    _printf_hex_ptr                          0x080119b3   Thumb Code    18  _printf_hex_int_ll_ptr.o(.text)
    __printf                                 0x080119c9   Thumb Code   388  __printf_flags_ss_wp.o(.text)
    __aeabi_memcpy4                          0x08011b51   Thumb Code     0  rt_memcpy_w.o(.text)
    __aeabi_memcpy8                          0x08011b51   Thumb Code     0  rt_memcpy_w.o(.text)
    __rt_memcpy_w                            0x08011b51   Thumb Code   100  rt_memcpy_w.o(.text)
    _memcpy_lastbytes_aligned                0x08011b99   Thumb Code     0  rt_memcpy_w.o(.text)
    __aeabi_memclr4                          0x08011bb5   Thumb Code     0  rt_memclr_w.o(.text)
    __aeabi_memclr8                          0x08011bb5   Thumb Code     0  rt_memclr_w.o(.text)
    __rt_memclr_w                            0x08011bb5   Thumb Code    78  rt_memclr_w.o(.text)
    _memset_w                                0x08011bb9   Thumb Code     0  rt_memclr_w.o(.text)
    __aeabi_errno_addr                       0x08011c05   Thumb Code     8  rt_errno_addr_intlibspace.o(.text)
    __errno$intlibspace                      0x08011c05   Thumb Code     0  rt_errno_addr_intlibspace.o(.text)
    __rt_errno_addr$intlibspace              0x08011c05   Thumb Code     0  rt_errno_addr_intlibspace.o(.text)
    _ll_udiv10                               0x08011c0d   Thumb Code   138  lludiv10.o(.text)
    _printf_int_common                       0x08011c97   Thumb Code   178  _printf_intcommon.o(.text)
    __lib_sel_fp_printf                      0x08011d49   Thumb Code     2  _printf_fp_dec.o(.text)
    _printf_fp_dec_real                      0x08011ef7   Thumb Code   620  _printf_fp_dec.o(.text)
    _printf_fp_hex_real                      0x08012165   Thumb Code   754  _printf_fp_hex.o(.text)
    _printf_cs_common                        0x08012461   Thumb Code    20  _printf_char.o(.text)
    _printf_char                             0x08012475   Thumb Code    16  _printf_char.o(.text)
    _printf_string                           0x08012485   Thumb Code     8  _printf_char.o(.text)
    _printf_lcs_common                       0x0801248d   Thumb Code    20  _printf_wchar.o(.text)
    _printf_wchar                            0x080124a1   Thumb Code    16  _printf_wchar.o(.text)
    _printf_wstring                          0x080124b1   Thumb Code     8  _printf_wchar.o(.text)
    _wcrtomb                                 0x080124b9   Thumb Code    64  _wcrtomb.o(.text)
    __user_libspace                          0x080124f9   Thumb Code     8  libspace.o(.text)
    __user_perproc_libspace                  0x080124f9   Thumb Code     0  libspace.o(.text)
    __user_perthread_libspace                0x080124f9   Thumb Code     0  libspace.o(.text)
    __user_setup_stackheap                   0x08012501   Thumb Code    74  sys_stackheap_outer.o(.text)
    __rt_ctype_table                         0x0801254d   Thumb Code    16  rt_ctype_table.o(.text)
    __rt_locale                              0x0801255d   Thumb Code     8  rt_locale_intlibspace.o(.text)
    _printf_fp_infnan                        0x08012565   Thumb Code   112  _printf_fp_infnan.o(.text)
    _btod_etento                             0x080125e5   Thumb Code   216  bigflt0.o(.text)
    exit                                     0x080126c1   Thumb Code    12  exit.o(.text)
    strcmp                                   0x080126cd   Thumb Code   128  strcmpv7m.o(.text)
    _sys_exit                                0x0801274d   Thumb Code     8  sys_exit.o(.text)
    __I$use$semihosting                      0x08012759   Thumb Code     0  use_no_semi.o(.text)
    __use_no_semihosting_swi                 0x08012759   Thumb Code     2  use_no_semi.o(.text)
    __semihosting_library_function           0x0801275b   Thumb Code     0  indicate_semi.o(.text)
    _btod_d2e                                0x0801275b   Thumb Code    62  btod.o(CL$$btod_d2e)
    _d2e_denorm_low                          0x08012799   Thumb Code    70  btod.o(CL$$btod_d2e_denorm_low)
    _d2e_norm_op1                            0x080127df   Thumb Code    96  btod.o(CL$$btod_d2e_norm_op1)
    __btod_div_common                        0x0801283f   Thumb Code   696  btod.o(CL$$btod_div_common)
    _e2e                                     0x08012b77   Thumb Code   198  btod.o(CL$$btod_e2e)
    _btod_ediv                               0x08012c3d   Thumb Code    40  btod.o(CL$$btod_ediv)
    _btod_emul                               0x08012c65   Thumb Code    40  btod.o(CL$$btod_emul)
    __btod_mult_common                       0x08012c8d   Thumb Code   580  btod.o(CL$$btod_mult_common)
    OSStartHighRdy                           0x08012ed1   Thumb Code     0  os_cpu_a.o(CODE)
    OSCtxSw                                  0x08012ef3   Thumb Code     0  os_cpu_a.o(CODE)
    OSIntCtxSw                               0x08012efd   Thumb Code     0  os_cpu_a.o(CODE)
    PendSV_Handler                           0x08012f07   Thumb Code     0  os_cpu_a.o(CODE)
    __ARM_fpclassify                         0x08012f7d   Thumb Code    48  fpclassify.o(i.__ARM_fpclassify)
    __hardfp_cos                             0x08012fb1   Thumb Code   180  cos.o(i.__hardfp_cos)
    __hardfp_sin                             0x08013079   Thumb Code   180  sin.o(i.__hardfp_sin)
    __ieee754_rem_pio2                       0x08013141   Thumb Code   938  rred.o(i.__ieee754_rem_pio2)
    __kernel_cos                             0x08013579   Thumb Code   322  cos_i.o(i.__kernel_cos)
    __kernel_poly                            0x080136e9   Thumb Code   248  poly.o(i.__kernel_poly)
    __kernel_sin                             0x080137e1   Thumb Code   280  sin_i.o(i.__kernel_sin)
    __mathlib_dbl_infnan                     0x08013911   Thumb Code    20  dunder.o(i.__mathlib_dbl_infnan)
    __mathlib_dbl_invalid                    0x08013929   Thumb Code    24  dunder.o(i.__mathlib_dbl_invalid)
    __mathlib_dbl_underflow                  0x08013949   Thumb Code    24  dunder.o(i.__mathlib_dbl_underflow)
    _is_digit                                0x08013969   Thumb Code    14  __printf_wp.o(i._is_digit)
    fabs                                     0x08013977   Thumb Code    24  fabs.o(i.fabs)
    _get_lc_numeric                          0x08013991   Thumb Code    44  lc_numeric_c.o(locale$$code)
    _get_lc_ctype                            0x080139bd   Thumb Code    44  lc_ctype_c.o(locale$$code)
    __aeabi_dneg                             0x080139e9   Thumb Code     0  basic.o(x$fpl$basic)
    _dneg                                    0x080139e9   Thumb Code     6  basic.o(x$fpl$basic)
    __aeabi_fneg                             0x080139ef   Thumb Code     0  basic.o(x$fpl$basic)
    _fneg                                    0x080139ef   Thumb Code     6  basic.o(x$fpl$basic)
    _dabs                                    0x080139f5   Thumb Code     6  basic.o(x$fpl$basic)
    _fabs                                    0x080139fb   Thumb Code     6  basic.o(x$fpl$basic)
    __aeabi_dadd                             0x08013a01   Thumb Code     0  daddsub_clz.o(x$fpl$dadd)
    _dadd                                    0x08013a01   Thumb Code   332  daddsub_clz.o(x$fpl$dadd)
    __fpl_dcmp_Inf                           0x08013b51   Thumb Code    24  dcmpi.o(x$fpl$dcmpinf)
    __aeabi_ddiv                             0x08013b69   Thumb Code     0  ddiv.o(x$fpl$ddiv)
    _ddiv                                    0x08013b69   Thumb Code   552  ddiv.o(x$fpl$ddiv)
    __aeabi_d2iz                             0x08013e19   Thumb Code     0  dfix.o(x$fpl$dfix)
    _dfix                                    0x08013e19   Thumb Code    94  dfix.o(x$fpl$dfix)
    __aeabi_i2d                              0x08013e77   Thumb Code     0  dflt_clz.o(x$fpl$dflt)
    _dflt                                    0x08013e77   Thumb Code    46  dflt_clz.o(x$fpl$dflt)
    __aeabi_ui2d                             0x08013ea5   Thumb Code     0  dflt_clz.o(x$fpl$dfltu)
    _dfltu                                   0x08013ea5   Thumb Code    38  dflt_clz.o(x$fpl$dfltu)
    __aeabi_cdcmple                          0x08013ecd   Thumb Code     0  dleqf.o(x$fpl$dleqf)
    _dcmple                                  0x08013ecd   Thumb Code   120  dleqf.o(x$fpl$dleqf)
    __fpl_dcmple_InfNaN                      0x08013f2f   Thumb Code     0  dleqf.o(x$fpl$dleqf)
    __aeabi_dmul                             0x08013f45   Thumb Code     0  dmul.o(x$fpl$dmul)
    _dmul                                    0x08013f45   Thumb Code   332  dmul.o(x$fpl$dmul)
    __fpl_dnaninf                            0x08014099   Thumb Code   156  dnaninf.o(x$fpl$dnaninf)
    __fpl_dretinf                            0x08014135   Thumb Code    12  dretinf.o(x$fpl$dretinf)
    __aeabi_cdrcmple                         0x08014141   Thumb Code     0  drleqf.o(x$fpl$drleqf)
    _drcmple                                 0x08014141   Thumb Code   108  drleqf.o(x$fpl$drleqf)
    __aeabi_drsub                            0x080141ad   Thumb Code     0  daddsub_clz.o(x$fpl$drsb)
    _drsb                                    0x080141ad   Thumb Code    22  daddsub_clz.o(x$fpl$drsb)
    __aeabi_dsub                             0x080141c5   Thumb Code     0  daddsub_clz.o(x$fpl$dsub)
    _dsub                                    0x080141c5   Thumb Code   464  daddsub_clz.o(x$fpl$dsub)
    __aeabi_f2d                              0x08014399   Thumb Code     0  f2d.o(x$fpl$f2d)
    _f2d                                     0x08014399   Thumb Code    86  f2d.o(x$fpl$f2d)
    __fpl_fnaninf                            0x080143ef   Thumb Code   140  fnaninf.o(x$fpl$fnaninf)
    _fp_init                                 0x0801447b   Thumb Code    10  fpinit.o(x$fpl$fpinit)
    __fplib_config_fpu_vfp                   0x08014483   Thumb Code     0  fpinit.o(x$fpl$fpinit)
    __fplib_config_pureend_doubles           0x08014483   Thumb Code     0  fpinit.o(x$fpl$fpinit)
    _printf_fp_dec                           0x08014485   Thumb Code     4  printf1.o(x$fpl$printf1)
    _printf_fp_hex                           0x08014489   Thumb Code     4  printf2.o(x$fpl$printf2)
    __I$use$fp                               0x0801448c   Number         0  usenofp.o(x$fpl$usenofp)
    CPU_EndiannessTest                       0x0801458c   Data           4  cpu_core.o(.constdata)
    OSCfg_IdleTaskStkBasePtr                 0x08014624   Data           4  os_cfg_app.o(.constdata)
    OSCfg_IdleTaskStkLimit                   0x08014628   Data           4  os_cfg_app.o(.constdata)
    OSCfg_IdleTaskStkSize                    0x0801462c   Data           4  os_cfg_app.o(.constdata)
    OSCfg_IdleTaskStkSizeRAM                 0x08014630   Data           4  os_cfg_app.o(.constdata)
    OSCfg_IntQBasePtr                        0x08014634   Data           4  os_cfg_app.o(.constdata)
    OSCfg_IntQSize                           0x08014638   Data           2  os_cfg_app.o(.constdata)
    OSCfg_IntQSizeRAM                        0x0801463c   Data           4  os_cfg_app.o(.constdata)
    OSCfg_IntQTaskStkBasePtr                 0x08014640   Data           4  os_cfg_app.o(.constdata)
    OSCfg_IntQTaskStkLimit                   0x08014644   Data           4  os_cfg_app.o(.constdata)
    OSCfg_IntQTaskStkSize                    0x08014648   Data           4  os_cfg_app.o(.constdata)
    OSCfg_IntQTaskStkSizeRAM                 0x0801464c   Data           4  os_cfg_app.o(.constdata)
    OSCfg_ISRStkBasePtr                      0x08014650   Data           4  os_cfg_app.o(.constdata)
    OSCfg_ISRStkSize                         0x08014654   Data           4  os_cfg_app.o(.constdata)
    OSCfg_ISRStkSizeRAM                      0x08014658   Data           4  os_cfg_app.o(.constdata)
    OSCfg_MsgPoolSize                        0x0801465c   Data           2  os_cfg_app.o(.constdata)
    OSCfg_MsgPoolSizeRAM                     0x08014660   Data           4  os_cfg_app.o(.constdata)
    OSCfg_MsgPoolBasePtr                     0x08014664   Data           4  os_cfg_app.o(.constdata)
    OSCfg_StatTaskPrio                       0x08014668   Data           1  os_cfg_app.o(.constdata)
    OSCfg_StatTaskRate_Hz                    0x0801466c   Data           4  os_cfg_app.o(.constdata)
    OSCfg_StatTaskStkBasePtr                 0x08014670   Data           4  os_cfg_app.o(.constdata)
    OSCfg_StatTaskStkLimit                   0x08014674   Data           4  os_cfg_app.o(.constdata)
    OSCfg_StatTaskStkSize                    0x08014678   Data           4  os_cfg_app.o(.constdata)
    OSCfg_StatTaskStkSizeRAM                 0x0801467c   Data           4  os_cfg_app.o(.constdata)
    OSCfg_StkSizeMin                         0x08014680   Data           4  os_cfg_app.o(.constdata)
    OSCfg_TickRate_Hz                        0x08014684   Data           4  os_cfg_app.o(.constdata)
    OSCfg_TickTaskPrio                       0x08014688   Data           1  os_cfg_app.o(.constdata)
    OSCfg_TickTaskStkBasePtr                 0x0801468c   Data           4  os_cfg_app.o(.constdata)
    OSCfg_TickTaskStkLimit                   0x08014690   Data           4  os_cfg_app.o(.constdata)
    OSCfg_TickTaskStkSize                    0x08014694   Data           4  os_cfg_app.o(.constdata)
    OSCfg_TickTaskStkSizeRAM                 0x08014698   Data           4  os_cfg_app.o(.constdata)
    OSCfg_TickWheelSize                      0x0801469c   Data           2  os_cfg_app.o(.constdata)
    OSCfg_TickWheelSizeRAM                   0x080146a0   Data           4  os_cfg_app.o(.constdata)
    OSCfg_TmrTaskPrio                        0x080146a4   Data           1  os_cfg_app.o(.constdata)
    OSCfg_TmrTaskRate_Hz                     0x080146a8   Data           4  os_cfg_app.o(.constdata)
    OSCfg_TmrTaskStkBasePtr                  0x080146ac   Data           4  os_cfg_app.o(.constdata)
    OSCfg_TmrTaskStkLimit                    0x080146b0   Data           4  os_cfg_app.o(.constdata)
    OSCfg_TmrTaskStkSize                     0x080146b4   Data           4  os_cfg_app.o(.constdata)
    OSCfg_TmrTaskStkSizeRAM                  0x080146b8   Data           4  os_cfg_app.o(.constdata)
    OSCfg_TmrWheelSize                       0x080146bc   Data           2  os_cfg_app.o(.constdata)
    OSCfg_TmrWheelSizeRAM                    0x080146c0   Data           4  os_cfg_app.o(.constdata)
    OSCfg_DataSizeRAM                        0x080146c4   Data           4  os_cfg_app.o(.constdata)
    OSDbg_DbgEn                              0x080146c8   Data           2  os_dbg.o(.constdata)
    OSDbg_ArgChkEn                           0x080146ca   Data           1  os_dbg.o(.constdata)
    OSDbg_AppHooksEn                         0x080146cb   Data           1  os_dbg.o(.constdata)
    OSDbg_EndiannessTest                     0x080146cc   Data           4  os_dbg.o(.constdata)
    OSDbg_CalledFromISRChkEn                 0x080146d0   Data           1  os_dbg.o(.constdata)
    OSDbg_FlagEn                             0x080146d1   Data           1  os_dbg.o(.constdata)
    OSDbg_FlagGrp                            0x080146d4   Data          40  os_dbg.o(.constdata)
    OSDbg_FlagDelEn                          0x080146fc   Data           1  os_dbg.o(.constdata)
    OSDbg_FlagModeClrEn                      0x080146fd   Data           1  os_dbg.o(.constdata)
    OSDbg_FlagPendAbortEn                    0x080146fe   Data           1  os_dbg.o(.constdata)
    OSDbg_FlagGrpSize                        0x08014700   Data           2  os_dbg.o(.constdata)
    OSDbg_FlagWidth                          0x08014702   Data           2  os_dbg.o(.constdata)
    OSDbg_IntQ                               0x08014704   Data           2  os_dbg.o(.constdata)
    OSDbg_ISRPostDeferredEn                  0x08014706   Data           1  os_dbg.o(.constdata)
    OSDbg_Mem                                0x08014708   Data          32  os_dbg.o(.constdata)
    OSDbg_MemEn                              0x08014728   Data           1  os_dbg.o(.constdata)
    OSDbg_MemSize                            0x0801472a   Data           2  os_dbg.o(.constdata)
    OSDbg_MsgEn                              0x0801472c   Data           1  os_dbg.o(.constdata)
    OSDbg_MsgSize                            0x0801472e   Data           2  os_dbg.o(.constdata)
    OSDbg_MsgPoolSize                        0x08014730   Data           2  os_dbg.o(.constdata)
    OSDbg_MsgQSize                           0x08014732   Data           2  os_dbg.o(.constdata)
    OSDbg_Mutex                              0x08014734   Data          44  os_dbg.o(.constdata)
    OSDbg_MutexEn                            0x08014760   Data           1  os_dbg.o(.constdata)
    OSDbg_MutexDelEn                         0x08014761   Data           1  os_dbg.o(.constdata)
    OSDbg_MutexPendAbortEn                   0x08014762   Data           1  os_dbg.o(.constdata)
    OSDbg_MutexSize                          0x08014764   Data           2  os_dbg.o(.constdata)
    OSDbg_ObjTypeChkEn                       0x08014766   Data           1  os_dbg.o(.constdata)
    OSDbg_PendMultiEn                        0x08014767   Data           1  os_dbg.o(.constdata)
    OSDbg_PendDataSize                       0x08014768   Data           2  os_dbg.o(.constdata)
    OSDbg_PendListSize                       0x0801476a   Data           2  os_dbg.o(.constdata)
    OSDbg_PendObjSize                        0x0801476c   Data           2  os_dbg.o(.constdata)
    OSDbg_PrioMax                            0x0801476e   Data           2  os_dbg.o(.constdata)
    OSDbg_PrioTblSize                        0x08014770   Data           2  os_dbg.o(.constdata)
    OSDbg_PtrSize                            0x08014772   Data           2  os_dbg.o(.constdata)
    OSDbg_Q                                  0x08014774   Data          48  os_dbg.o(.constdata)
    OSDbg_QEn                                0x080147a4   Data           1  os_dbg.o(.constdata)
    OSDbg_QDelEn                             0x080147a5   Data           1  os_dbg.o(.constdata)
    OSDbg_QFlushEn                           0x080147a6   Data           1  os_dbg.o(.constdata)
    OSDbg_QPendAbortEn                       0x080147a7   Data           1  os_dbg.o(.constdata)
    OSDbg_QSize                              0x080147a8   Data           2  os_dbg.o(.constdata)
    OSDbg_SchedRoundRobinEn                  0x080147aa   Data           1  os_dbg.o(.constdata)
    OSDbg_Sem                                0x080147ac   Data          40  os_dbg.o(.constdata)
    OSDbg_SemEn                              0x080147d4   Data           1  os_dbg.o(.constdata)
    OSDbg_SemDelEn                           0x080147d5   Data           1  os_dbg.o(.constdata)
    OSDbg_SemPendAbortEn                     0x080147d6   Data           1  os_dbg.o(.constdata)
    OSDbg_SemSetEn                           0x080147d7   Data           1  os_dbg.o(.constdata)
    OSDbg_SemSize                            0x080147d8   Data           2  os_dbg.o(.constdata)
    OSDbg_RdyList                            0x080147da   Data           2  os_dbg.o(.constdata)
    OSDbg_RdyListSize                        0x080147dc   Data           4  os_dbg.o(.constdata)
    OSDbg_StkWidth                           0x080147e0   Data           1  os_dbg.o(.constdata)
    OSDbg_StatTaskEn                         0x080147e1   Data           1  os_dbg.o(.constdata)
    OSDbg_StatTaskStkChkEn                   0x080147e2   Data           1  os_dbg.o(.constdata)
    OSDbg_TaskChangePrioEn                   0x080147e3   Data           1  os_dbg.o(.constdata)
    OSDbg_TaskDelEn                          0x080147e4   Data           1  os_dbg.o(.constdata)
    OSDbg_TaskQEn                            0x080147e5   Data           1  os_dbg.o(.constdata)
    OSDbg_TaskQPendAbortEn                   0x080147e6   Data           1  os_dbg.o(.constdata)
    OSDbg_TaskProfileEn                      0x080147e7   Data           1  os_dbg.o(.constdata)
    OSDbg_TaskRegTblSize                     0x080147e8   Data           2  os_dbg.o(.constdata)
    OSDbg_TaskSemPendAbortEn                 0x080147ea   Data           1  os_dbg.o(.constdata)
    OSDbg_TaskSuspendEn                      0x080147eb   Data           1  os_dbg.o(.constdata)
    OSDbg_TCBSize                            0x080147ec   Data           2  os_dbg.o(.constdata)
    OSDbg_TickSpokeSize                      0x080147ee   Data           2  os_dbg.o(.constdata)
    OSDbg_TimeDlyHMSMEn                      0x080147f0   Data           1  os_dbg.o(.constdata)
    OSDbg_TimeDlyResumeEn                    0x080147f1   Data           1  os_dbg.o(.constdata)
    OSDbg_TLS_TblSize                        0x080147f2   Data           2  os_dbg.o(.constdata)
    OSDbg_Tmr                                0x080147f4   Data          52  os_dbg.o(.constdata)
    OSDbg_TmrEn                              0x08014828   Data           1  os_dbg.o(.constdata)
    OSDbg_TmrDelEn                           0x08014829   Data           1  os_dbg.o(.constdata)
    OSDbg_TmrSize                            0x0801482a   Data           2  os_dbg.o(.constdata)
    OSDbg_TmrSpokeSize                       0x0801482c   Data           2  os_dbg.o(.constdata)
    OSDbg_VersionNbr                         0x0801482e   Data           2  os_dbg.o(.constdata)
    OSDbg_DataSize                           0x08014830   Data           4  os_dbg.o(.constdata)
    num_table                                0x08014834   Data          17  rbc_lcd.o(.constdata)
    font5x8                                  0x08014845   Data         475  rbc_lcd.o(.constdata)
    Region$$Table$$Base                      0x08014c44   Number         0  anon$$obj.o(Region$$Table)
    Region$$Table$$Limit                     0x08014c64   Number         0  anon$$obj.o(Region$$Table)
    __ctype                                  0x08014c8d   Data           0  lc_ctype_c.o(locale$$data)
    Encoder_TIM2                             0x20000000   Data           4  stm32f4xx_it.o(.data)
    Photoelectric_flag                       0x20000004   Data           1  stm32f4xx_it.o(.data)
    GET_flag                                 0x20000005   Data           1  stm32f4xx_it.o(.data)
    DI2_FLAG                                 0x20000006   Data           1  stm32f4xx_it.o(.data)
    _entercode_5                             0x20000008   Data           4  stm32f4xx_it.o(.data)
    Encoder                                  0x2000000c   Data           4  stm32f4xx_it.o(.data)
    lat_Encoder                              0x20000010   Data           4  stm32f4xx_it.o(.data)
    real_speed                               0x20000014   Data           4  stm32f4xx_it.o(.data)
    printf_i                                 0x20000018   Data           4  stm32f4xx_it.o(.data)
    printf_flag                              0x2000001c   Data           4  stm32f4xx_it.o(.data)
    Encoder_TIM4                             0x20000020   Data           4  stm32f4xx_it.o(.data)
    Encoder_TIM8                             0x20000024   Data           4  stm32f4xx_it.o(.data)
    begin_throw                              0x20000028   Data           1  stm32f4xx_it.o(.data)
    SystemCoreClock                          0x20000030   Data           4  system_stm32f4xx.o(.data)
    AHBPrescTable                            0x20000034   Data          16  system_stm32f4xx.o(.data)
    CPU_TS_TmrFreq_Hz                        0x20000058   Data           4  cpu_core.o(.data)
    Mem_PoolTbl                              0x2000005c   Data           4  lib_mem.o(.data)
    OSPrioTbl                                0x20000060   Data           8  os_prio.o(.data)
    OS_AppTaskCreateHookPtr                  0x20000068   Data           4  os_var.o(.data)
    OS_AppTaskDelHookPtr                     0x2000006c   Data           4  os_var.o(.data)
    OS_AppTaskReturnHookPtr                  0x20000070   Data           4  os_var.o(.data)
    OS_AppIdleTaskHookPtr                    0x20000074   Data           4  os_var.o(.data)
    OS_AppStatTaskHookPtr                    0x20000078   Data           4  os_var.o(.data)
    OS_AppTaskSwHookPtr                      0x2000007c   Data           4  os_var.o(.data)
    OS_AppTimeTickHookPtr                    0x20000080   Data           4  os_var.o(.data)
    OSIdleTaskCtr                            0x20000084   Data           4  os_var.o(.data)
    OSIntNestingCtr                          0x20000088   Data           1  os_var.o(.data)
    OSRunning                                0x20000089   Data           1  os_var.o(.data)
    OSIntQInPtr                              0x2000008c   Data           4  os_var.o(.data)
    OSIntQOutPtr                             0x20000090   Data           4  os_var.o(.data)
    OSIntQNbrEntries                         0x20000094   Data           2  os_var.o(.data)
    OSIntQNbrEntriesMax                      0x20000096   Data           2  os_var.o(.data)
    OSIntQOvfCtr                             0x20000098   Data           2  os_var.o(.data)
    OSIntQTaskTimeMax                        0x2000009c   Data           4  os_var.o(.data)
    OSFlagDbgListPtr                         0x200000a0   Data           4  os_var.o(.data)
    OSFlagQty                                0x200000a4   Data           2  os_var.o(.data)
    OSMemDbgListPtr                          0x200000a8   Data           4  os_var.o(.data)
    OSMemQty                                 0x200000ac   Data           2  os_var.o(.data)
    OSMutexDbgListPtr                        0x200000b0   Data           4  os_var.o(.data)
    OSMutexQty                               0x200000b4   Data           2  os_var.o(.data)
    OSPrioCur                                0x200000b6   Data           1  os_var.o(.data)
    OSPrioHighRdy                            0x200000b7   Data           1  os_var.o(.data)
    OSPrioSaved                              0x200000b8   Data           1  os_var.o(.data)
    OSQDbgListPtr                            0x200000bc   Data           4  os_var.o(.data)
    OSQQty                                   0x200000c0   Data           2  os_var.o(.data)
    OSSchedLockTimeBegin                     0x200000c4   Data           4  os_var.o(.data)
    OSSchedLockTimeMax                       0x200000c8   Data           4  os_var.o(.data)
    OSSchedLockTimeMaxCur                    0x200000cc   Data           4  os_var.o(.data)
    OSSchedLockNestingCtr                    0x200000d0   Data           1  os_var.o(.data)
    OSSchedRoundRobinDfltTimeQuanta          0x200000d4   Data           4  os_var.o(.data)
    OSSchedRoundRobinEn                      0x200000d8   Data           1  os_var.o(.data)
    OSSemDbgListPtr                          0x200000dc   Data           4  os_var.o(.data)
    OSSemQty                                 0x200000e0   Data           2  os_var.o(.data)
    OSStatResetFlag                          0x200000e2   Data           1  os_var.o(.data)
    OSStatTaskCPUUsage                       0x200000e4   Data           2  os_var.o(.data)
    OSStatTaskCPUUsageMax                    0x200000e6   Data           2  os_var.o(.data)
    OSStatTaskCtr                            0x200000e8   Data           4  os_var.o(.data)
    OSStatTaskCtrMax                         0x200000ec   Data           4  os_var.o(.data)
    OSStatTaskCtrRun                         0x200000f0   Data           4  os_var.o(.data)
    OSStatTaskRdy                            0x200000f4   Data           1  os_var.o(.data)
    OSStatTaskTimeMax                        0x200000f8   Data           4  os_var.o(.data)
    OSTaskCtxSwCtr                           0x200000fc   Data           4  os_var.o(.data)
    OSTaskDbgListPtr                         0x20000100   Data           4  os_var.o(.data)
    OSTaskQty                                0x20000104   Data           2  os_var.o(.data)
    OSTaskRegNextAvailID                     0x20000106   Data           1  os_var.o(.data)
    OSTickCtr                                0x20000108   Data           4  os_var.o(.data)
    OSTickTaskTimeMax                        0x2000010c   Data           4  os_var.o(.data)
    OSTmrDbgListPtr                          0x20000110   Data           4  os_var.o(.data)
    OSTmrQty                                 0x20000114   Data           2  os_var.o(.data)
    OSTmrTaskTimeMax                         0x20000118   Data           4  os_var.o(.data)
    OSTmrTickCtr                             0x2000011c   Data           4  os_var.o(.data)
    OSTmrUpdateCnt                           0x20000120   Data           4  os_var.o(.data)
    OSTmrUpdateCtr                           0x20000124   Data           4  os_var.o(.data)
    OSTCBCurPtr                              0x20000128   Data           4  os_var.o(.data)
    OSTCBHighRdyPtr                          0x2000012c   Data           4  os_var.o(.data)
    OS_CPU_ExceptStkBase                     0x20000130   Data           4  os_cpu_c.o(.data)
    Robot_Mode                               0x20000134   Data           1  pci.o(.data)
    dif_2                                    0x20000138   Data           4  exti.o(.data)
    sppped1                                  0x2000013c   Data           4  motor_driver_task.o(.data)
    sppped2                                  0x20000140   Data           4  motor_driver_task.o(.data)
    sppped3                                  0x20000144   Data           4  motor_driver_task.o(.data)
    t_speed                                  0x20000148   Data           4  motor_driver_task.o(.data)
    motor_init_flag                          0x2000014c   Data           1  motor_driver_task.o(.data)
    UART_CH                                  0x20000150   Data           5  hand_task.o(.data)
    HandleControlTaskErr                     0x20000156   Data           2  hand_task.o(.data)
    err                                      0x20000158   Data           2  hand_task.o(.data)
    TIM3_CCR1                                0x2000015c   Data           4  hand_task.o(.data)
    accspeed                                 0x20000160   Data           4  hand_task.o(.data)
    send_to_underpan                         0x20000168   Data           8  command_task.o(.data)
    calibration_speed                        0x20000170   Data           4  command_task.o(.data)
    command_flag                             0x20000174   Data           1  command_task.o(.data)
    display                                  0x20000175   Data           2  command_task.o(.data)
    last_command                             0x20000177   Data           1  command_task.o(.data)
    cali_flag                                0x20000178   Data           1  command_task.o(.data)
    connect_num                              0x20000179   Data           1  command_task.o(.data)
    place                                    0x2000017c   Data           1  throw_task.o(.data)
    throw_flag                               0x2000017d   Data           1  throw_task.o(.data)
    angle                                    0x20000180   Data           4  throw_task.o(.data)
    past_cycle                               0x20000184   Data           4  throw_task.o(.data)
    RL_NUM                                   0x20000188   Data           4  throw_task.o(.data)
    acc_speed                                0x2000018c   Data           4  throw_task.o(.data)
    _entercode_3                             0x20000190   Data           4  throw_task.o(.data)
    _entercode_4                             0x20000194   Data           4  throw_task.o(.data)
    PixyTxMsg                                0x20000198   Data           8  throw_task.o(.data)
    throw_speed                              0x200001a0   Data           4  throw_task.o(.data)
    throw_point                              0x200001a4   Data           4  throw_task.o(.data)
    printf_speed                             0x200001a8   Data        4000  stm32f4xx_it.o(.bss)
    underpan_RxMsg                           0x20001148   Data          20  stm32f4xx_it.o(.bss)
    CPU_Name                                 0x2000115c   Data          16  cpu_core.o(.bss)
    Mem_PoolHeap                             0x2000116c   Data          72  lib_mem.o(.bss)
    Mem_Heap                                 0x200011b4   Data        1024  lib_mem.o(.bss)
    OSCfg_IdleTaskStk                        0x200015b4   Data         512  os_cfg_app.o(.bss)
    OSCfg_IntQ                               0x200017b4   Data         320  os_cfg_app.o(.bss)
    OSCfg_IntQTaskStk                        0x200018f4   Data         512  os_cfg_app.o(.bss)
    OSCfg_ISRStk                             0x20001af4   Data         512  os_cfg_app.o(.bss)
    OSCfg_MsgPool                            0x20001cf4   Data        1600  os_cfg_app.o(.bss)
    OSCfg_StatTaskStk                        0x20002334   Data         512  os_cfg_app.o(.bss)
    OSCfg_TickTaskStk                        0x20002534   Data         512  os_cfg_app.o(.bss)
    OSCfg_TickWheel                          0x20002734   Data         136  os_cfg_app.o(.bss)
    OSCfg_TmrTaskStk                         0x200027bc   Data         512  os_cfg_app.o(.bss)
    OSCfg_TmrWheel                           0x200029bc   Data         136  os_cfg_app.o(.bss)
    OSIdleTaskTCB                            0x20002a44   Data         196  os_var.o(.bss)
    OSIntQTaskTCB                            0x20002b08   Data         196  os_var.o(.bss)
    OSMsgPool                                0x20002bcc   Data          12  os_var.o(.bss)
    OSRdyList                                0x20002bd8   Data         768  os_var.o(.bss)
    OSStatTaskTCB                            0x20002ed8   Data         196  os_var.o(.bss)
    OSTickTaskTCB                            0x20002f9c   Data         196  os_var.o(.bss)
    OSTmrTaskTCB                             0x20003060   Data         196  os_var.o(.bss)
    StarTaskTCB                              0x20003124   Data         196  app.o(.bss)
    STAR_TASK_STK                            0x200031e8   Data         512  app.o(.bss)
    IWDGTaskTCB                              0x200033e8   Data         196  iwdg_task.o(.bss)
    IWDG_TASK_STK                            0x200034ac   Data         512  iwdg_task.o(.bss)
    motor_driver_TaskTCB                     0x200036ac   Data         196  motor_driver_task.o(.bss)
    motor_driver__STK                        0x20003770   Data        1024  motor_driver_task.o(.bss)
    UNDER1_MLCB                              0x20003b70   Data          12  motor_driver_task.o(.bss)
    UNDER2_MLCB                              0x20003b7c   Data          12  motor_driver_task.o(.bss)
    UNDER3_MLCB                              0x20003b88   Data          12  motor_driver_task.o(.bss)
    UNDER4_MLCB                              0x20003b94   Data          12  motor_driver_task.o(.bss)
    HAND_TASK_STK                            0x20003ba0   Data        2048  hand_task.o(.bss)
    hand_TaskTCB                             0x200043a0   Data         196  hand_task.o(.bss)
    Handle_Sem                               0x20004464   Data          40  hand_task.o(.bss)
    mem_pool_printf                          0x20004950   Data          32  printf_task.o(.bss)
    mem_pool_printf_buf                      0x20004970   Data        4096  printf_task.o(.bss)
    COMMANDTaskTCB                           0x20005970   Data         196  command_task.o(.bss)
    COMMAND_TASK_STK                         0x20005a34   Data         512  command_task.o(.bss)
    CONNECTTaskTCB                           0x20005c34   Data         196  connect_task.o(.bss)
    CONNECT_TASK_STK                         0x20005cf8   Data         512  connect_task.o(.bss)
    DISPLAYTaskTCB                           0x20005ef8   Data         196  display.o(.bss)
    DISPLAY_TASK_STK                         0x20005fbc   Data         512  display.o(.bss)
    THROWTaskTCB                             0x200061bc   Data         196  throw_task.o(.bss)
    THROW_TASK_STK                           0x20006280   Data         512  throw_task.o(.bss)
    TZ1                                      0x20006480   Data          64  throw_task.o(.bss)
    TZ2                                      0x200064c0   Data          64  throw_task.o(.bss)
    TZ3                                      0x20006500   Data          64  throw_task.o(.bss)
    KEYTaskTCB                               0x20006540   Data         196  key.o(.bss)
    KEY_TASK_STK                             0x20006604   Data         512  key.o(.bss)
    __libspace_start                         0x20006804   Data          96  libspace.o(.bss)
    __temporary_stack_top$libspace           0x20006864   Data           0  libspace.o(.bss)



==============================================================================

Memory Map of the image

  Image Entry point : 0x08000189

  Load Region LR_IROM1 (Base: 0x08000000, Size: 0x00014f38, Max: 0x00100000, ABSOLUTE, COMPRESSED[0x00014db0])

    Execution Region ER_IROM1 (Base: 0x08000000, Size: 0x00014d90, Max: 0x00100000, ABSOLUTE)

    Base Addr    Size         Type   Attr      Idx    E Section Name        Object

    0x08000000   0x00000188   Data   RO          342    RESET               startup_stm32f40_41xxx.o
    0x08000188   0x00000008   Code   RO         2067  * !!!main             c_w.l(__main.o)
    0x08000190   0x00000034   Code   RO         2508    !!!scatter          c_w.l(__scatter.o)
    0x080001c4   0x0000005a   Code   RO         2506    !!dczerorl2         c_w.l(__dczerorl2.o)
    0x0800021e   0x00000002   PAD
    0x08000220   0x0000001c   Code   RO         2510    !!handler_zi        c_w.l(__scatter_zi.o)
    0x0800023c   0x00000000   Code   RO         2203    .ARM.Collect$$_printf_percent$$00000000  c_w.l(_printf_percent.o)
    0x0800023c   0x00000006   Code   RO         2192    .ARM.Collect$$_printf_percent$$00000001  c_w.l(_printf_n.o)
    0x08000242   0x00000006   Code   RO         2194    .ARM.Collect$$_printf_percent$$00000002  c_w.l(_printf_p.o)
    0x08000248   0x00000006   Code   RO         2199    .ARM.Collect$$_printf_percent$$00000003  c_w.l(_printf_f.o)
    0x0800024e   0x00000006   Code   RO         2200    .ARM.Collect$$_printf_percent$$00000004  c_w.l(_printf_e.o)
    0x08000254   0x00000006   Code   RO         2201    .ARM.Collect$$_printf_percent$$00000005  c_w.l(_printf_g.o)
    0x0800025a   0x00000006   Code   RO         2202    .ARM.Collect$$_printf_percent$$00000006  c_w.l(_printf_a.o)
    0x08000260   0x0000000a   Code   RO         2207    .ARM.Collect$$_printf_percent$$00000007  c_w.l(_printf_ll.o)
    0x0800026a   0x00000006   Code   RO         2196    .ARM.Collect$$_printf_percent$$00000008  c_w.l(_printf_i.o)
    0x08000270   0x00000006   Code   RO         2197    .ARM.Collect$$_printf_percent$$00000009  c_w.l(_printf_d.o)
    0x08000276   0x00000006   Code   RO         2198    .ARM.Collect$$_printf_percent$$0000000A  c_w.l(_printf_u.o)
    0x0800027c   0x00000006   Code   RO         2195    .ARM.Collect$$_printf_percent$$0000000B  c_w.l(_printf_o.o)
    0x08000282   0x00000006   Code   RO         2193    .ARM.Collect$$_printf_percent$$0000000C  c_w.l(_printf_x.o)
    0x08000288   0x00000006   Code   RO         2204    .ARM.Collect$$_printf_percent$$0000000D  c_w.l(_printf_lli.o)
    0x0800028e   0x00000006   Code   RO         2205    .ARM.Collect$$_printf_percent$$0000000E  c_w.l(_printf_lld.o)
    0x08000294   0x00000006   Code   RO         2206    .ARM.Collect$$_printf_percent$$0000000F  c_w.l(_printf_llu.o)
    0x0800029a   0x00000006   Code   RO         2211    .ARM.Collect$$_printf_percent$$00000010  c_w.l(_printf_llo.o)
    0x080002a0   0x00000006   Code   RO         2212    .ARM.Collect$$_printf_percent$$00000011  c_w.l(_printf_llx.o)
    0x080002a6   0x0000000a   Code   RO         2208    .ARM.Collect$$_printf_percent$$00000012  c_w.l(_printf_l.o)
    0x080002b0   0x00000006   Code   RO         2190    .ARM.Collect$$_printf_percent$$00000013  c_w.l(_printf_c.o)
    0x080002b6   0x00000006   Code   RO         2191    .ARM.Collect$$_printf_percent$$00000014  c_w.l(_printf_s.o)
    0x080002bc   0x00000006   Code   RO         2209    .ARM.Collect$$_printf_percent$$00000015  c_w.l(_printf_lc.o)
    0x080002c2   0x00000006   Code   RO         2210    .ARM.Collect$$_printf_percent$$00000016  c_w.l(_printf_ls.o)
    0x080002c8   0x00000004   Code   RO         2301    .ARM.Collect$$_printf_percent$$00000017  c_w.l(_printf_percent_end.o)
    0x080002cc   0x00000002   Code   RO         2373    .ARM.Collect$$libinit$$00000000  c_w.l(libinit.o)
    0x080002ce   0x00000004   Code   RO         2389    .ARM.Collect$$libinit$$00000001  c_w.l(libinit2.o)
    0x080002d2   0x00000000   Code   RO         2392    .ARM.Collect$$libinit$$00000004  c_w.l(libinit2.o)
    0x080002d2   0x00000000   Code   RO         2395    .ARM.Collect$$libinit$$0000000A  c_w.l(libinit2.o)
    0x080002d2   0x00000000   Code   RO         2397    .ARM.Collect$$libinit$$0000000C  c_w.l(libinit2.o)
    0x080002d2   0x00000000   Code   RO         2399    .ARM.Collect$$libinit$$0000000E  c_w.l(libinit2.o)
    0x080002d2   0x00000006   Code   RO         2400    .ARM.Collect$$libinit$$0000000F  c_w.l(libinit2.o)
    0x080002d8   0x00000000   Code   RO         2402    .ARM.Collect$$libinit$$00000011  c_w.l(libinit2.o)
    0x080002d8   0x0000000c   Code   RO         2403    .ARM.Collect$$libinit$$00000012  c_w.l(libinit2.o)
    0x080002e4   0x00000000   Code   RO         2404    .ARM.Collect$$libinit$$00000013  c_w.l(libinit2.o)
    0x080002e4   0x00000000   Code   RO         2406    .ARM.Collect$$libinit$$00000015  c_w.l(libinit2.o)
    0x080002e4   0x0000000a   Code   RO         2407    .ARM.Collect$$libinit$$00000016  c_w.l(libinit2.o)
    0x080002ee   0x00000000   Code   RO         2408    .ARM.Collect$$libinit$$00000017  c_w.l(libinit2.o)
    0x080002ee   0x00000000   Code   RO         2410    .ARM.Collect$$libinit$$00000019  c_w.l(libinit2.o)
    0x080002ee   0x00000000   Code   RO         2412    .ARM.Collect$$libinit$$0000001B  c_w.l(libinit2.o)
    0x080002ee   0x00000000   Code   RO         2414    .ARM.Collect$$libinit$$0000001D  c_w.l(libinit2.o)
    0x080002ee   0x00000000   Code   RO         2416    .ARM.Collect$$libinit$$0000001F  c_w.l(libinit2.o)
    0x080002ee   0x00000000   Code   RO         2418    .ARM.Collect$$libinit$$00000021  c_w.l(libinit2.o)
    0x080002ee   0x00000000   Code   RO         2420    .ARM.Collect$$libinit$$00000023  c_w.l(libinit2.o)
    0x080002ee   0x00000000   Code   RO         2422    .ARM.Collect$$libinit$$00000025  c_w.l(libinit2.o)
    0x080002ee   0x00000000   Code   RO         2426    .ARM.Collect$$libinit$$0000002C  c_w.l(libinit2.o)
    0x080002ee   0x00000000   Code   RO         2428    .ARM.Collect$$libinit$$0000002E  c_w.l(libinit2.o)
    0x080002ee   0x00000000   Code   RO         2430    .ARM.Collect$$libinit$$00000030  c_w.l(libinit2.o)
    0x080002ee   0x00000000   Code   RO         2432    .ARM.Collect$$libinit$$00000032  c_w.l(libinit2.o)
    0x080002ee   0x00000002   Code   RO         2433    .ARM.Collect$$libinit$$00000033  c_w.l(libinit2.o)
    0x080002f0   0x00000002   Code   RO         2464    .ARM.Collect$$libshutdown$$00000000  c_w.l(libshutdown.o)
    0x080002f2   0x00000000   Code   RO         2491    .ARM.Collect$$libshutdown$$00000003  c_w.l(libshutdown2.o)
    0x080002f2   0x00000000   Code   RO         2494    .ARM.Collect$$libshutdown$$00000006  c_w.l(libshutdown2.o)
    0x080002f2   0x00000000   Code   RO         2497    .ARM.Collect$$libshutdown$$00000009  c_w.l(libshutdown2.o)
    0x080002f2   0x00000000   Code   RO         2499    .ARM.Collect$$libshutdown$$0000000B  c_w.l(libshutdown2.o)
    0x080002f2   0x00000000   Code   RO         2502    .ARM.Collect$$libshutdown$$0000000E  c_w.l(libshutdown2.o)
    0x080002f2   0x00000002   Code   RO         2503    .ARM.Collect$$libshutdown$$0000000F  c_w.l(libshutdown2.o)
    0x080002f4   0x00000000   Code   RO         2115    .ARM.Collect$$rtentry$$00000000  c_w.l(__rtentry.o)
    0x080002f4   0x00000000   Code   RO         2265    .ARM.Collect$$rtentry$$00000002  c_w.l(__rtentry2.o)
    0x080002f4   0x00000006   Code   RO         2277    .ARM.Collect$$rtentry$$00000004  c_w.l(__rtentry4.o)
    0x080002fa   0x00000000   Code   RO         2267    .ARM.Collect$$rtentry$$00000009  c_w.l(__rtentry2.o)
    0x080002fa   0x00000004   Code   RO         2268    .ARM.Collect$$rtentry$$0000000A  c_w.l(__rtentry2.o)
    0x080002fe   0x00000000   Code   RO         2270    .ARM.Collect$$rtentry$$0000000C  c_w.l(__rtentry2.o)
    0x080002fe   0x00000008   Code   RO         2271    .ARM.Collect$$rtentry$$0000000D  c_w.l(__rtentry2.o)
    0x08000306   0x00000002   Code   RO         2376    .ARM.Collect$$rtexit$$00000000  c_w.l(rtexit.o)
    0x08000308   0x00000000   Code   RO         2437    .ARM.Collect$$rtexit$$00000002  c_w.l(rtexit2.o)
    0x08000308   0x00000004   Code   RO         2438    .ARM.Collect$$rtexit$$00000003  c_w.l(rtexit2.o)
    0x0800030c   0x00000006   Code   RO         2439    .ARM.Collect$$rtexit$$00000004  c_w.l(rtexit2.o)
    0x08000312   0x00000002   PAD
    0x08000314   0x000000ac   Code   RO            3    .text               main.o
    0x080003c0   0x000007c4   Code   RO          259    .text               stm32f4xx_it.o
    0x08000b84   0x00000210   Code   RO          316    .text               system_stm32f4xx.o
    0x08000d94   0x00000040   Code   RO          343    .text               startup_stm32f40_41xxx.o
    0x08000dd4   0x000000e0   Code   RO          349    .text               misc.o
    0x08000eb4   0x00000294   Code   RO          369    .text               stm32f4xx_gpio.o
    0x08001148   0x0000065c   Code   RO          389    .text               stm32f4xx_rcc.o
    0x080017a4   0x00000094   Code   RO          411    .text               stm32f4xx_syscfg.o
    0x08001838   0x00000454   Code   RO          431    .text               stm32f4xx_usart.o
    0x08001c8c   0x000009f0   Code   RO          471    .text               stm32f4xx_can.o
    0x0800267c   0x00000110   Code   RO          694    .text               stm32f4xx_exti.o
    0x0800278c   0x00000040   Code   RO          860    .text               stm32f4xx_iwdg.o
    0x080027cc   0x00000ca2   Code   RO         1026    .text               stm32f4xx_tim.o
    0x0800346e   0x00000002   PAD
    0x08003470   0x00000148   Code   RO         1066    .text               delay.o
    0x080035b8   0x00000084   Code   RO         1113    .text               bsp.o
    0x0800363c   0x000002a8   Code   RO         1146    .text               cpu_core.o
    0x080038e4   0x00000034   Code   RO         1172    .text               cpu_a.o
    0x08003918   0x00000256   Code   RO         1175    .text               lib_ascii.o
    0x08003b6e   0x00000002   PAD
    0x08003b70   0x000009c6   Code   RO         1208    .text               lib_mem.o
    0x08004536   0x00000002   PAD
    0x08004538   0x0000092c   Code   RO         1227    .text               lib_str.o
    0x08004e64   0x00000220   Code   RO         1244    .text               lib_mem_a.o
    0x08005084   0x000000fc   Code   RO         1247    .text               os_cfg_app.o
    0x08005180   0x00000df0   Code   RO         1270    .text               os_core.o
    0x08005f70   0x000001b0   Code   RO         1282    .text               os_dbg.o
    0x08006120   0x00000e28   Code   RO         1297    .text               os_flag.o
    0x08006f48   0x00000444   Code   RO         1309    .text               os_int.o
    0x0800738c   0x00000238   Code   RO         1321    .text               os_mem.o
    0x080075c4   0x0000022c   Code   RO         1333    .text               os_msg.o
    0x080077f0   0x00000ad4   Code   RO         1345    .text               os_mutex.o
    0x080082c4   0x0000007c   Code   RO         1363    .text               os_prio.o
    0x08008340   0x000008d8   Code   RO         1382    .text               os_q.o
    0x08008c18   0x00000830   Code   RO         1394    .text               os_sem.o
    0x08009448   0x00000638   Code   RO         1406    .text               os_stat.o
    0x08009a80   0x00001bb4   Code   RO         1418    .text               os_task.o
    0x0800b634   0x000004fc   Code   RO         1430    .text               os_tick.o
    0x0800bb30   0x00000564   Code   RO         1442    .text               os_time.o
    0x0800c094   0x00000818   Code   RO         1454    .text               os_tmr.o
    0x0800c8ac   0x000003f8   Code   RO         1482    .text               os_cpu_c.o
    0x0800cca4   0x00000330   Code   RO         1526    .text               rbc_lcd.o
    0x0800cfd4   0x000007d8   Code   RO         1549    .text               motor_control.o
    0x0800d7ac   0x0000051c   Code   RO         1569    .text               mylib.o
    0x0800dcc8   0x0000004c   Code   RO         1592    .text               function.o
    0x0800dd14   0x0000029c   Code   RO         1612    .text               can.o
    0x0800dfb0   0x00000042   Code   RO         1632    .text               gpio.o
    0x0800dff2   0x00000024   Code   RO         1652    .text               iwdg.o
    0x0800e016   0x00000022   Code   RO         1672    .text               nvic.o
    0x0800e038   0x0000034c   Code   RO         1692    .text               time.o
    0x0800e384   0x00000220   Code   RO         1712    .text               usart.o
    0x0800e5a4   0x000006e4   Code   RO         1732    .text               pci.o
    0x0800ec88   0x00000060   Code   RO         1759    .text               exti.o
    0x0800ece8   0x0000018c   Code   RO         1798    .text               app.o
    0x0800ee74   0x00000068   Code   RO         1821    .text               iwdg_task.o
    0x0800eedc   0x00000264   Code   RO         1844    .text               motor_driver_task.o
    0x0800f140   0x000007b8   Code   RO         1873    .text               hand_task.o
    0x0800f8f8   0x00000188   Code   RO         1898    .text               printf_task.o
    0x0800fa80   0x000002c4   Code   RO         1929    .text               command_task.o
    0x0800fd44   0x00000084   Code   RO         1955    .text               connect_task.o
    0x0800fdc8   0x00000670   Code   RO         1978    .text               display.o
    0x08010438   0x00000de8   Code   RO         2002    .text               throw_task.o
    0x08011220   0x00000190   Code   RO         2031    .text               key.o
    0x080113b0   0x000000ee   Code   RO         2055    .text               c_w.l(lludivv7m.o)
    0x0801149e   0x00000002   PAD
    0x080114a0   0x00000024   Code   RO         2057    .text               c_w.l(vsprintf.o)
    0x080114c4   0x0000003e   Code   RO         2059    .text               c_w.l(strlen.o)
    0x08011502   0x0000008a   Code   RO         2061    .text               c_w.l(rt_memcpy_v6.o)
    0x0801158c   0x00000044   Code   RO         2063    .text               c_w.l(rt_memclr.o)
    0x080115d0   0x00000006   Code   RO         2065    .text               c_w.l(heapauxi.o)
    0x080115d6   0x00000016   Code   RO         2120    .text               c_w.l(_rserrno.o)
    0x080115ec   0x0000004e   Code   RO         2124    .text               c_w.l(_printf_pad.o)
    0x0801163a   0x00000024   Code   RO         2126    .text               c_w.l(_printf_truncate.o)
    0x0801165e   0x00000052   Code   RO         2128    .text               c_w.l(_printf_str.o)
    0x080116b0   0x00000078   Code   RO         2130    .text               c_w.l(_printf_dec.o)
    0x08011728   0x00000028   Code   RO         2132    .text               c_w.l(_printf_charcount.o)
    0x08011750   0x00000030   Code   RO         2134    .text               c_w.l(_printf_char_common.o)
    0x08011780   0x0000000a   Code   RO         2136    .text               c_w.l(_sputc.o)
    0x0801178a   0x00000002   PAD
    0x0801178c   0x000000bc   Code   RO         2138    .text               c_w.l(_printf_wctomb.o)
    0x08011848   0x0000007c   Code   RO         2141    .text               c_w.l(_printf_longlong_dec.o)
    0x080118c4   0x00000070   Code   RO         2147    .text               c_w.l(_printf_oct_int_ll.o)
    0x08011934   0x00000094   Code   RO         2167    .text               c_w.l(_printf_hex_int_ll_ptr.o)
    0x080119c8   0x00000188   Code   RO         2187    .text               c_w.l(__printf_flags_ss_wp.o)
    0x08011b50   0x00000064   Code   RO         2213    .text               c_w.l(rt_memcpy_w.o)
    0x08011bb4   0x0000004e   Code   RO         2215    .text               c_w.l(rt_memclr_w.o)
    0x08011c02   0x00000002   PAD
    0x08011c04   0x00000008   Code   RO         2284    .text               c_w.l(rt_errno_addr_intlibspace.o)
    0x08011c0c   0x0000008a   Code   RO         2286    .text               c_w.l(lludiv10.o)
    0x08011c96   0x000000b2   Code   RO         2288    .text               c_w.l(_printf_intcommon.o)
    0x08011d48   0x0000041a   Code   RO         2290    .text               c_w.l(_printf_fp_dec.o)
    0x08012162   0x00000002   PAD
    0x08012164   0x000002fc   Code   RO         2292    .text               c_w.l(_printf_fp_hex.o)
    0x08012460   0x0000002c   Code   RO         2297    .text               c_w.l(_printf_char.o)
    0x0801248c   0x0000002c   Code   RO         2299    .text               c_w.l(_printf_wchar.o)
    0x080124b8   0x00000040   Code   RO         2302    .text               c_w.l(_wcrtomb.o)
    0x080124f8   0x00000008   Code   RO         2320    .text               c_w.l(libspace.o)
    0x08012500   0x0000004a   Code   RO         2323    .text               c_w.l(sys_stackheap_outer.o)
    0x0801254a   0x00000002   PAD
    0x0801254c   0x00000010   Code   RO         2325    .text               c_w.l(rt_ctype_table.o)
    0x0801255c   0x00000008   Code   RO         2330    .text               c_w.l(rt_locale_intlibspace.o)
    0x08012564   0x00000080   Code   RO         2332    .text               c_w.l(_printf_fp_infnan.o)
    0x080125e4   0x000000dc   Code   RO         2334    .text               c_w.l(bigflt0.o)
    0x080126c0   0x0000000c   Code   RO         2362    .text               c_w.l(exit.o)
    0x080126cc   0x00000080   Code   RO         2387    .text               c_w.l(strcmpv7m.o)
    0x0801274c   0x0000000c   Code   RO         2434    .text               c_w.l(sys_exit.o)
    0x08012758   0x00000002   Code   RO         2453    .text               c_w.l(use_no_semi.o)
    0x0801275a   0x00000000   Code   RO         2455    .text               c_w.l(indicate_semi.o)
    0x0801275a   0x0000003e   Code   RO         2337    CL$$btod_d2e        c_w.l(btod.o)
    0x08012798   0x00000046   Code   RO         2339    CL$$btod_d2e_denorm_low  c_w.l(btod.o)
    0x080127de   0x00000060   Code   RO         2338    CL$$btod_d2e_norm_op1  c_w.l(btod.o)
    0x0801283e   0x00000338   Code   RO         2347    CL$$btod_div_common  c_w.l(btod.o)
    0x08012b76   0x000000c6   Code   RO         2344    CL$$btod_e2e        c_w.l(btod.o)
    0x08012c3c   0x00000028   Code   RO         2341    CL$$btod_ediv       c_w.l(btod.o)
    0x08012c64   0x00000028   Code   RO         2340    CL$$btod_emul       c_w.l(btod.o)
    0x08012c8c   0x00000244   Code   RO         2346    CL$$btod_mult_common  c_w.l(btod.o)
    0x08012ed0   0x000000ac   Code   RO         1506    CODE                os_cpu_a.o
    0x08012f7c   0x00000030   Code   RO         2316    i.__ARM_fpclassify  m_wm.l(fpclassify.o)
    0x08012fac   0x00000004   PAD
    0x08012fb0   0x000000c8   Code   RO         2091    i.__hardfp_cos      m_wm.l(cos.o)
    0x08013078   0x000000c8   Code   RO         2103    i.__hardfp_sin      m_wm.l(sin.o)
    0x08013140   0x00000438   Code   RO         2253    i.__ieee754_rem_pio2  m_wm.l(rred.o)
    0x08013578   0x00000170   Code   RO         2236    i.__kernel_cos      m_wm.l(cos_i.o)
    0x080136e8   0x000000f8   Code   RO         2318    i.__kernel_poly     m_wm.l(poly.o)
    0x080137e0   0x00000130   Code   RO         2258    i.__kernel_sin      m_wm.l(sin_i.o)
    0x08013910   0x00000014   Code   RO         2240    i.__mathlib_dbl_infnan  m_wm.l(dunder.o)
    0x08013924   0x00000004   PAD
    0x08013928   0x00000020   Code   RO         2242    i.__mathlib_dbl_invalid  m_wm.l(dunder.o)
    0x08013948   0x00000020   Code   RO         2245    i.__mathlib_dbl_underflow  m_wm.l(dunder.o)
    0x08013968   0x0000000e   Code   RO         2180    i._is_digit         c_w.l(__printf_wp.o)
    0x08013976   0x00000018   Code   RO         2312    i.fabs              m_wm.l(fabs.o)
    0x0801398e   0x00000002   PAD
    0x08013990   0x0000002c   Code   RO         2360    locale$$code        c_w.l(lc_numeric_c.o)
    0x080139bc   0x0000002c   Code   RO         2381    locale$$code        c_w.l(lc_ctype_c.o)
    0x080139e8   0x00000018   Code   RO         2217    x$fpl$basic         fz_wm.l(basic.o)
    0x08013a00   0x00000150   Code   RO         2069    x$fpl$dadd          fz_wm.l(daddsub_clz.o)
    0x08013b50   0x00000018   Code   RO         2304    x$fpl$dcmpinf       fz_wm.l(dcmpi.o)
    0x08013b68   0x000002b0   Code   RO         2307    x$fpl$ddiv          fz_wm.l(ddiv.o)
    0x08013e18   0x0000005e   Code   RO         2075    x$fpl$dfix          fz_wm.l(dfix.o)
    0x08013e76   0x0000002e   Code   RO         2080    x$fpl$dflt          fz_wm.l(dflt_clz.o)
    0x08013ea4   0x00000026   Code   RO         2079    x$fpl$dfltu         fz_wm.l(dflt_clz.o)
    0x08013eca   0x00000002   PAD
    0x08013ecc   0x00000078   Code   RO         2219    x$fpl$dleqf         fz_wm.l(dleqf.o)
    0x08013f44   0x00000154   Code   RO         2085    x$fpl$dmul          fz_wm.l(dmul.o)
    0x08014098   0x0000009c   Code   RO         2221    x$fpl$dnaninf       fz_wm.l(dnaninf.o)
    0x08014134   0x0000000c   Code   RO         2223    x$fpl$dretinf       fz_wm.l(dretinf.o)
    0x08014140   0x0000006c   Code   RO         2087    x$fpl$drleqf        fz_wm.l(drleqf.o)
    0x080141ac   0x00000016   Code   RO         2070    x$fpl$drsb          fz_wm.l(daddsub_clz.o)
    0x080141c2   0x00000002   PAD
    0x080141c4   0x000001d4   Code   RO         2071    x$fpl$dsub          fz_wm.l(daddsub_clz.o)
    0x08014398   0x00000056   Code   RO         2089    x$fpl$f2d           fz_wm.l(f2d.o)
    0x080143ee   0x0000008c   Code   RO         2225    x$fpl$fnaninf       fz_wm.l(fnaninf.o)
    0x0801447a   0x0000000a   Code   RO         2449    x$fpl$fpinit        fz_wm.l(fpinit.o)
    0x08014484   0x00000004   Code   RO         2227    x$fpl$printf1       fz_wm.l(printf1.o)
    0x08014488   0x00000004   Code   RO         2229    x$fpl$printf2       fz_wm.l(printf2.o)
    0x0801448c   0x00000000   Code   RO         2235    x$fpl$usenofp       fz_wm.l(usenofp.o)
    0x0801448c   0x00000104   Data   RO         1148    .constdata          cpu_core.o
    0x08014590   0x00000094   Data   RO         1228    .constdata          lib_str.o
    0x08014624   0x000000a4   Data   RO         1249    .constdata          os_cfg_app.o
    0x080146c8   0x0000016c   Data   RO         1283    .constdata          os_dbg.o
    0x08014834   0x000001ec   Data   RO         1527    .constdata          rbc_lcd.o
    0x08014a20   0x00000008   Data   RO         2139    .constdata          c_w.l(_printf_wctomb.o)
    0x08014a28   0x00000028   Data   RO         2168    .constdata          c_w.l(_printf_hex_int_ll_ptr.o)
    0x08014a50   0x00000011   Data   RO         2188    .constdata          c_w.l(__printf_flags_ss_wp.o)
    0x08014a61   0x00000007   PAD
    0x08014a68   0x00000030   Data   RO         2237    .constdata          m_wm.l(cos_i.o)
    0x08014a98   0x000000c8   Data   RO         2255    .constdata          m_wm.l(rred.o)
    0x08014b60   0x00000028   Data   RO         2259    .constdata          m_wm.l(sin_i.o)
    0x08014b88   0x00000026   Data   RO         2293    .constdata          c_w.l(_printf_fp_hex.o)
    0x08014bae   0x00000002   PAD
    0x08014bb0   0x00000094   Data   RO         2335    .constdata          c_w.l(bigflt0.o)
    0x08014c44   0x00000020   Data   RO         2504    Region$$Table       anon$$obj.o
    0x08014c64   0x0000001c   Data   RO         2359    locale$$data        c_w.l(lc_numeric_c.o)
    0x08014c80   0x00000110   Data   RO         2380    locale$$data        c_w.l(lc_ctype_c.o)


    Execution Region RW_IRAM1 (Base: 0x20000000, Size: 0x00006e68, Max: 0x00020000, ABSOLUTE, COMPRESSED[0x00000020])

    Base Addr    Size         Type   Attr      Idx    E Section Name        Object

    0x20000000   0x0000002f   Data   RW          261    .data               stm32f4xx_it.o
    0x2000002f   0x00000001   PAD
    0x20000030   0x00000014   Data   RW          317    .data               system_stm32f4xx.o
    0x20000044   0x00000010   Data   RW          390    .data               stm32f4xx_rcc.o
    0x20000054   0x00000004   Data   RW         1067    .data               delay.o
    0x20000058   0x00000004   Data   RW         1149    .data               cpu_core.o
    0x2000005c   0x00000004   Data   RW         1210    .data               lib_mem.o
    0x20000060   0x00000008   Data   RW         1364    .data               os_prio.o
    0x20000068   0x000000c8   Data   RW         1467    .data               os_var.o
    0x20000130   0x00000004   Data   RW         1483    .data               os_cpu_c.o
    0x20000134   0x00000001   Data   RW         1733    .data               pci.o
    0x20000135   0x00000003   PAD
    0x20000138   0x00000004   Data   RW         1760    .data               exti.o
    0x2000013c   0x00000011   Data   RW         1847    .data               motor_driver_task.o
    0x2000014d   0x00000003   PAD
    0x20000150   0x00000014   Data   RW         1875    .data               hand_task.o
    0x20000164   0x00000002   Data   RW         1900    .data               printf_task.o
    0x20000166   0x00000002   PAD
    0x20000168   0x00000012   Data   RW         1932    .data               command_task.o
    0x2000017a   0x00000002   PAD
    0x2000017c   0x0000002c   Data   RW         2004    .data               throw_task.o
    0x200001a8   0x00000fb4   Zero   RW          260    .bss                stm32f4xx_it.o
    0x2000115c   0x00000010   Zero   RW         1147    .bss                cpu_core.o
    0x2000116c   0x00000448   Zero   RW         1209    .bss                lib_mem.o
    0x200015b4   0x00001490   Zero   RW         1248    .bss                os_cfg_app.o
    0x20002a44   0x000006e0   Zero   RW         1466    .bss                os_var.o
    0x20003124   0x000002c4   Zero   RW         1799    .bss                app.o
    0x200033e8   0x000002c4   Zero   RW         1822    .bss                iwdg_task.o
    0x200036ac   0x000004f4   Zero   RW         1845    .bss                motor_driver_task.o
    0x20003ba0   0x000008ec   Zero   RW         1874    .bss                hand_task.o
    0x2000448c   0x000014e4   Zero   RW         1899    .bss                printf_task.o
    0x20005970   0x000002c4   Zero   RW         1930    .bss                command_task.o
    0x20005c34   0x000002c4   Zero   RW         1956    .bss                connect_task.o
    0x20005ef8   0x000002c4   Zero   RW         1979    .bss                display.o
    0x200061bc   0x00000384   Zero   RW         2003    .bss                throw_task.o
    0x20006540   0x000002c4   Zero   RW         2032    .bss                key.o
    0x20006804   0x00000060   Zero   RW         2321    .bss                c_w.l(libspace.o)
    0x20006864   0x00000004   PAD
    0x20006868   0x00000200   Zero   RW          341    HEAP                startup_stm32f40_41xxx.o
    0x20006a68   0x00000400   Zero   RW          340    STACK               startup_stm32f40_41xxx.o


==============================================================================

Image component sizes


      Code (inc. data)   RO Data    RW Data    ZI Data      Debug   Object Name

       396         34          0          0        708       1469   app.o
       132         14          0          0          0       1207   bsp.o
       668          8          0          0          0       2304   can.o
       708         96          0         18        708       2453   command_task.o
       132         38          0          0        708       1304   connect_task.o
        52          0          0          0          0        324   cpu_a.o
       680         14        260          4         16      14615   cpu_core.o
       328         24          0          4          0       4627   delay.o
      1648        518          0          0        708       2419   display.o
        96         10          0          4          0       1154   exti.o
        76         10          0          0          0        920   function.o
        66          0          0          0          0        958   gpio.o
      1976        232          0         20       2284       3096   hand_task.o
        36          0          0          0          0        548   iwdg.o
       104         28          0          0        708       1337   iwdg_task.o
       400         76          0          0        708       1676   key.o
       598          0          0          0          0       3780   lib_ascii.o
      2502         32          0          4       1096      21896   lib_mem.o
       544          0          0          0          0        472   lib_mem_a.o
      2348          6        148          0          0      13170   lib_str.o
       172         10          0          0          0     336349   main.o
       224         20          0          0          0       1957   misc.o
      2008          8          0          0          0       8089   motor_control.o
       612        116          0         17       1268       3349   motor_driver_task.o
      1308         18          0          0          0       3675   mylib.o
        34          0          0          0          0        650   nvic.o
       252        166        164          0       5264      20906   os_cfg_app.o
      3568        284          0          0          0      12201   os_core.o
       172         32          0          0          0        392   os_cpu_a.o
      1016         64          0          4          0       4025   os_cpu_c.o
       432        286        364          0          0       4761   os_dbg.o
      3624        110          0          0          0       7915   os_flag.o
      1092        146          0          0          0       2292   os_int.o
       568         20          0          0          0       2788   os_mem.o
       556         12          0          0          0       2803   os_msg.o
      2772        114          0          0          0       5610   os_mutex.o
       124          4          0          8          0       1912   os_prio.o
      2264         76          0          0          0       6288   os_q.o
      2096         70          0          0          0       6300   os_sem.o
      1592        180          0          0          0       2797   os_stat.o
      7092        270          0          0          0      13662   os_task.o
      1276         90          0          0          0       3397   os_tick.o
      1380         46          0          0          0       3189   os_time.o
      2072        140          0          0          0       6486   os_tmr.o
         0          0          0        200       1760      19333   os_var.o
      1764        160          0          1          0       2951   pci.o
       392         54          0          2       5348       4734   printf_task.o
       816         22        492          0          0       4031   rbc_lcd.o
        64         26        392          0       1536        832   startup_stm32f40_41xxx.o
      2544         38          0          0          0       8108   stm32f4xx_can.o
       272         10          0          0          0       2403   stm32f4xx_exti.o
       660         44          0          0          0       4233   stm32f4xx_gpio.o
      1988        188          0         47       4020     242599   stm32f4xx_it.o
        64          6          0          0          0       1385   stm32f4xx_iwdg.o
      1628         52          0         16          0      13044   stm32f4xx_rcc.o
       148         12          0          0          0       1901   stm32f4xx_syscfg.o
      3234         60          0          0          0      22436   stm32f4xx_tim.o
      1108         34          0          0          0       7936   stm32f4xx_usart.o
       528         46          0         20          0       1787   system_stm32f4xx.o
      3560        214          0         44        900       6548   throw_task.o
       844          8          0          0          0       2285   time.o
       544         30          0          0          0       1575   usart.o

    ----------------------------------------------------------------------
     69960       4426       1852        424      27740     889643   Object Totals
         0          0         32          0          0          0   (incl. Generated)
         6          0          0         11          0          0   (incl. Padding)

    ----------------------------------------------------------------------

      Code (inc. data)   RO Data    RW Data    ZI Data      Debug   Library Member Name

        90          0          0          0          0          0   __dczerorl2.o
         8          0          0          0          0         68   __main.o
       392          4         17          0          0         92   __printf_flags_ss_wp.o
        14          0          0          0          0         68   __printf_wp.o
         0          0          0          0          0          0   __rtentry.o
        12          0          0          0          0          0   __rtentry2.o
         6          0          0          0          0          0   __rtentry4.o
        52          8          0          0          0          0   __scatter.o
        28          0          0          0          0          0   __scatter_zi.o
         6          0          0          0          0          0   _printf_a.o
         6          0          0          0          0          0   _printf_c.o
        44          0          0          0          0        108   _printf_char.o
        48          6          0          0          0         96   _printf_char_common.o
        40          0          0          0          0         68   _printf_charcount.o
         6          0          0          0          0          0   _printf_d.o
       120         16          0          0          0         92   _printf_dec.o
         6          0          0          0          0          0   _printf_e.o
         6          0          0          0          0          0   _printf_f.o
      1050          0          0          0          0        216   _printf_fp_dec.o
       764         10         38          0          0        100   _printf_fp_hex.o
       128         16          0          0          0         84   _printf_fp_infnan.o
         6          0          0          0          0          0   _printf_g.o
       148          4         40          0          0        160   _printf_hex_int_ll_ptr.o
         6          0          0          0          0          0   _printf_i.o
       178          0          0          0          0         88   _printf_intcommon.o
        10          0          0          0          0          0   _printf_l.o
         6          0          0          0          0          0   _printf_lc.o
        10          0          0          0          0          0   _printf_ll.o
         6          0          0          0          0          0   _printf_lld.o
         6          0          0          0          0          0   _printf_lli.o
         6          0          0          0          0          0   _printf_llo.o
         6          0          0          0          0          0   _printf_llu.o
         6          0          0          0          0          0   _printf_llx.o
       124         16          0          0          0         92   _printf_longlong_dec.o
         6          0          0          0          0          0   _printf_ls.o
         6          0          0          0          0          0   _printf_n.o
         6          0          0          0          0          0   _printf_o.o
       112          8          0          0          0        124   _printf_oct_int_ll.o
         6          0          0          0          0          0   _printf_p.o
        78          0          0          0          0        108   _printf_pad.o
         0          0          0          0          0          0   _printf_percent.o
         4          0          0          0          0          0   _printf_percent_end.o
         6          0          0          0          0          0   _printf_s.o
        82          0          0          0          0         80   _printf_str.o
        36          0          0          0          0         84   _printf_truncate.o
         6          0          0          0          0          0   _printf_u.o
        44          0          0          0          0        108   _printf_wchar.o
       188          6          8          0          0         92   _printf_wctomb.o
         6          0          0          0          0          0   _printf_x.o
        22          0          0          0          0        100   _rserrno.o
        10          0          0          0          0         68   _sputc.o
        64          0          0          0          0         92   _wcrtomb.o
       220          4        148          0          0         96   bigflt0.o
      1910        128          0          0          0        672   btod.o
        12          0          0          0          0         72   exit.o
         6          0          0          0          0        152   heapauxi.o
         0          0          0          0          0          0   indicate_semi.o
        44         10        272          0          0         76   lc_ctype_c.o
        44         10         28          0          0         76   lc_numeric_c.o
         2          0          0          0          0          0   libinit.o
        34          0          0          0          0          0   libinit2.o
         2          0          0          0          0          0   libshutdown.o
         2          0          0          0          0          0   libshutdown2.o
         8          4          0          0         96         68   libspace.o
       138          0          0          0          0         80   lludiv10.o
       238          0          0          0          0        100   lludivv7m.o
        16          4          0          0          0         76   rt_ctype_table.o
         8          4          0          0          0         68   rt_errno_addr_intlibspace.o
         8          4          0          0          0         68   rt_locale_intlibspace.o
        68          0          0          0          0         68   rt_memclr.o
        78          0          0          0          0         80   rt_memclr_w.o
       138          0          0          0          0         68   rt_memcpy_v6.o
       100          0          0          0          0         80   rt_memcpy_w.o
         2          0          0          0          0          0   rtexit.o
        10          0          0          0          0          0   rtexit2.o
       128          0          0          0          0         68   strcmpv7m.o
        62          0          0          0          0         76   strlen.o
        12          4          0          0          0         68   sys_exit.o
        74          0          0          0          0         80   sys_stackheap_outer.o
         2          0          0          0          0         68   use_no_semi.o
        36          4          0          0          0         76   vsprintf.o
        24          0          0          0          0        164   basic.o
       826         16          0          0          0        492   daddsub_clz.o
        24          0          0          0          0        116   dcmpi.o
       688        140          0          0          0        256   ddiv.o
        94          4          0          0          0        140   dfix.o
        84          0          0          0          0        232   dflt_clz.o
       120          4          0          0          0        140   dleqf.o
       340         12          0          0          0        152   dmul.o
       156          4          0          0          0        140   dnaninf.o
        12          0          0          0          0        116   dretinf.o
       108          0          0          0          0        128   drleqf.o
        86          4          0          0          0        132   f2d.o
       140          4          0          0          0        132   fnaninf.o
        10          0          0          0          0        116   fpinit.o
         4          0          0          0          0        116   printf1.o
         4          0          0          0          0        116   printf2.o
         0          0          0          0          0          0   usenofp.o
       200         20          0          0          0        164   cos.o
       368         46         48          0          0        200   cos_i.o
        84         16          0          0          0        372   dunder.o
        24          0          0          0          0        124   fabs.o
        48          0          0          0          0        124   fpclassify.o
       248          0          0          0          0        152   poly.o
      1080        142        200          0          0        188   rred.o
       200         20          0          0          0        164   sin.o
       304         24         40          0          0        208   sin_i.o

    ----------------------------------------------------------------------
     12732        726        848          0        100       8908   Library Totals
        28          0          9          0          4          0   (incl. Padding)

    ----------------------------------------------------------------------

      Code (inc. data)   RO Data    RW Data    ZI Data      Debug   Library Name

      7428        270        551          0         96       4524   c_w.l
      2720        188          0          0          0       2688   fz_wm.l
      2556        268        288          0          0       1696   m_wm.l

    ----------------------------------------------------------------------
     12732        726        848          0        100       8908   Library Totals

    ----------------------------------------------------------------------

==============================================================================


      Code (inc. data)   RO Data    RW Data    ZI Data      Debug   

     82692       5152       2700        424      27840     881255   Grand Totals
     82692       5152       2700         32      27840     881255   ELF Image Totals (compressed)
     82692       5152       2700         32          0          0   ROM Totals

==============================================================================

    Total RO  Size (Code + RO Data)                85392 (  83.39kB)
    Total RW  Size (RW Data + ZI Data)             28264 (  27.60kB)
    Total ROM Size (Code + RO Data + RW Data)      85424 (  83.42kB)

==============================================================================

